// Jest Snapshot v1, https://goo.gl/fbAQLP

exports[`PerformanceSelect tests shallow rendered component matches snapshot 1`] = `ShallowWrapper {}`;
