// Jest Snapshot v1, https://goo.gl/fbAQLP

exports[`Search Field component renders without crashing 1`] = `ShallowWrapper {}`;
